Archive member included to satisfy reference by file (symbol)

C:/ST/STM32CubeIDE_1.10.1/STM32CubeIDE/plugins/com.st.stm32cube.ide.mcu.externaltools.gnu-tools-for-stm32.11.3.rel1.win32_1.1.1.202309131626/tools/bin/../lib/gcc/arm-none-eabi/11.3.1/../../../../arm-none-eabi/lib/thumb/v7e-m+fp/hard\libc_nano.a(libc_a-exit.o)
                              C:/ST/STM32CubeIDE_1.10.1/STM32CubeIDE/plugins/com.st.stm32cube.ide.mcu.externaltools.gnu-tools-for-stm32.11.3.rel1.win32_1.1.1.202309131626/tools/bin/../lib/gcc/arm-none-eabi/11.3.1/../../../../arm-none-eabi/lib/thumb/v7e-m+fp/hard/crt0.o (exit)
C:/ST/STM32CubeIDE_1.10.1/STM32CubeIDE/plugins/com.st.stm32cube.ide.mcu.externaltools.gnu-tools-for-stm32.11.3.rel1.win32_1.1.1.202309131626/tools/bin/../lib/gcc/arm-none-eabi/11.3.1/../../../../arm-none-eabi/lib/thumb/v7e-m+fp/hard\libc_nano.a(libc_a-findfp.o)
                              C:/ST/STM32CubeIDE_1.10.1/STM32CubeIDE/plugins/com.st.stm32cube.ide.mcu.externaltools.gnu-tools-for-stm32.11.3.rel1.win32_1.1.1.202309131626/tools/bin/../lib/gcc/arm-none-eabi/11.3.1/../../../../arm-none-eabi/lib/thumb/v7e-m+fp/hard\libc_nano.a(libc_a-exit.o) (__stdio_exit_handler)
C:/ST/STM32CubeIDE_1.10.1/STM32CubeIDE/plugins/com.st.stm32cube.ide.mcu.externaltools.gnu-tools-for-stm32.11.3.rel1.win32_1.1.1.202309131626/tools/bin/../lib/gcc/arm-none-eabi/11.3.1/../../../../arm-none-eabi/lib/thumb/v7e-m+fp/hard\libc_nano.a(libc_a-fwalk.o)
                              C:/ST/STM32CubeIDE_1.10.1/STM32CubeIDE/plugins/com.st.stm32cube.ide.mcu.externaltools.gnu-tools-for-stm32.11.3.rel1.win32_1.1.1.202309131626/tools/bin/../lib/gcc/arm-none-eabi/11.3.1/../../../../arm-none-eabi/lib/thumb/v7e-m+fp/hard\libc_nano.a(libc_a-findfp.o) (_fwalk_sglue)
C:/ST/STM32CubeIDE_1.10.1/STM32CubeIDE/plugins/com.st.stm32cube.ide.mcu.externaltools.gnu-tools-for-stm32.11.3.rel1.win32_1.1.1.202309131626/tools/bin/../lib/gcc/arm-none-eabi/11.3.1/../../../../arm-none-eabi/lib/thumb/v7e-m+fp/hard\libc_nano.a(libc_a-stdio.o)
                              C:/ST/STM32CubeIDE_1.10.1/STM32CubeIDE/plugins/com.st.stm32cube.ide.mcu.externaltools.gnu-tools-for-stm32.11.3.rel1.win32_1.1.1.202309131626/tools/bin/../lib/gcc/arm-none-eabi/11.3.1/../../../../arm-none-eabi/lib/thumb/v7e-m+fp/hard\libc_nano.a(libc_a-findfp.o) (__sread)
C:/ST/STM32CubeIDE_1.10.1/STM32CubeIDE/plugins/com.st.stm32cube.ide.mcu.externaltools.gnu-tools-for-stm32.11.3.rel1.win32_1.1.1.202309131626/tools/bin/../lib/gcc/arm-none-eabi/11.3.1/../../../../arm-none-eabi/lib/thumb/v7e-m+fp/hard\libc_nano.a(libc_a-memset.o)
                              C:/ST/STM32CubeIDE_1.10.1/STM32CubeIDE/plugins/com.st.stm32cube.ide.mcu.externaltools.gnu-tools-for-stm32.11.3.rel1.win32_1.1.1.202309131626/tools/bin/../lib/gcc/arm-none-eabi/11.3.1/../../../../arm-none-eabi/lib/thumb/v7e-m+fp/hard/crt0.o (memset)
C:/ST/STM32CubeIDE_1.10.1/STM32CubeIDE/plugins/com.st.stm32cube.ide.mcu.externaltools.gnu-tools-for-stm32.11.3.rel1.win32_1.1.1.202309131626/tools/bin/../lib/gcc/arm-none-eabi/11.3.1/../../../../arm-none-eabi/lib/thumb/v7e-m+fp/hard\libc_nano.a(libc_a-closer.o)
                              C:/ST/STM32CubeIDE_1.10.1/STM32CubeIDE/plugins/com.st.stm32cube.ide.mcu.externaltools.gnu-tools-for-stm32.11.3.rel1.win32_1.1.1.202309131626/tools/bin/../lib/gcc/arm-none-eabi/11.3.1/../../../../arm-none-eabi/lib/thumb/v7e-m+fp/hard\libc_nano.a(libc_a-stdio.o) (_close_r)
C:/ST/STM32CubeIDE_1.10.1/STM32CubeIDE/plugins/com.st.stm32cube.ide.mcu.externaltools.gnu-tools-for-stm32.11.3.rel1.win32_1.1.1.202309131626/tools/bin/../lib/gcc/arm-none-eabi/11.3.1/../../../../arm-none-eabi/lib/thumb/v7e-m+fp/hard\libc_nano.a(libc_a-reent.o)
                              C:/ST/STM32CubeIDE_1.10.1/STM32CubeIDE/plugins/com.st.stm32cube.ide.mcu.externaltools.gnu-tools-for-stm32.11.3.rel1.win32_1.1.1.202309131626/tools/bin/../lib/gcc/arm-none-eabi/11.3.1/../../../../arm-none-eabi/lib/thumb/v7e-m+fp/hard\libc_nano.a(libc_a-closer.o) (errno)
C:/ST/STM32CubeIDE_1.10.1/STM32CubeIDE/plugins/com.st.stm32cube.ide.mcu.externaltools.gnu-tools-for-stm32.11.3.rel1.win32_1.1.1.202309131626/tools/bin/../lib/gcc/arm-none-eabi/11.3.1/../../../../arm-none-eabi/lib/thumb/v7e-m+fp/hard\libc_nano.a(libc_a-impure.o)
                              C:/ST/STM32CubeIDE_1.10.1/STM32CubeIDE/plugins/com.st.stm32cube.ide.mcu.externaltools.gnu-tools-for-stm32.11.3.rel1.win32_1.1.1.202309131626/tools/bin/../lib/gcc/arm-none-eabi/11.3.1/../../../../arm-none-eabi/lib/thumb/v7e-m+fp/hard\libc_nano.a(libc_a-reent.o) (_impure_ptr)
C:/ST/STM32CubeIDE_1.10.1/STM32CubeIDE/plugins/com.st.stm32cube.ide.mcu.externaltools.gnu-tools-for-stm32.11.3.rel1.win32_1.1.1.202309131626/tools/bin/../lib/gcc/arm-none-eabi/11.3.1/../../../../arm-none-eabi/lib/thumb/v7e-m+fp/hard\libc_nano.a(libc_a-lseekr.o)
[...]
Memory Configuration

Name             Origin             Length             Attributes
RAM              0x0000000020000000 0x0000000000008000 xrw
FLASH            0x0000000008000000 0x0000000000020000 xr
*default*        0x0000000000000000 0xffffffffffffffff

Linker script and memory map

LOAD C:/ST/STM32CubeIDE_1.10.1/STM32CubeIDE/plugins/com.st.stm32cube.ide.mcu.externaltools.gnu-tools-for-stm32.11.3.rel1.win32_1.1.1.202309131626/tools/bin/../lib/gcc/arm-none-eabi/11.3.1/thumb/v7e-m+fp/hard/crti.o
LOAD C:/ST/STM32CubeIDE_1.10.1/STM32CubeIDE/plugins/com.st.stm32cube.ide.mcu.externaltools.gnu-tools-for-stm32.11.3.rel1.win32_1.1.1.202309131626/tools/bin/../lib/gcc/arm-none-eabi/11.3.1/thumb/v7e-m+fp/hard/crtbegin.o
LOAD C:/ST/STM32CubeIDE_1.10.1/STM32CubeIDE/plugins/com.st.stm32cube.ide.mcu.externaltools.gnu-tools-for-stm32.11.3.rel1.win32_1.1.1.202309131626/tools/bin/../lib/gcc/arm-none-eabi/11.3.1/../../../../arm-none-eabi/lib/thumb/v7e-m+fp/hard/crt0.o
LOAD ./Drivers/STM32G4xx_HAL_Driver/stm32g4xx_hal.o
LOAD ./Drivers/STM32G4xx_HAL_Driver/stm32g4xx_hal_cortex.o
LOAD ./Drivers/STM32G4xx_HAL_Driver/stm32g4xx_hal_dma.o
LOAD ./Drivers/STM32G4xx_HAL_Driver/stm32g4xx_hal_dma_ex.o
LOAD ./Drivers/STM32G4xx_HAL_Driver/stm32g4xx_hal_exti.o
LOAD ./Drivers/STM32G4xx_HAL_Driver/stm32g4xx_hal_flash.o
LOAD ./Drivers/STM32G4xx_HAL_Driver/stm32g4xx_hal_flash_ex.o
LOAD ./Drivers/STM32G4xx_HAL_Driver/stm32g4xx_hal_flash_ramfunc.o
LOAD ./Drivers/STM32G4xx_HAL_Driver/stm32g4xx_hal_gpio.o
LOAD ./Drivers/STM32G4xx_HAL_Driver/stm32g4xx_hal_lptim.o
LOAD ./Drivers/STM32G4xx_HAL_Driver/stm32g4xx_hal_pwr.o
LOAD ./Drivers/STM32G4xx_HAL_Driver/stm32g4xx_hal_pwr_ex.o
LOAD ./Drivers/STM32G4xx_HAL_Driver/stm32g4xx_hal_rcc.o
LOAD ./Drivers/STM32G4xx_HAL_Driver/stm32g4xx_hal_rcc_ex.o
LOAD ./Drivers/STM32G4xx_HAL_Driver/stm32g4xx_hal_tim.o
LOAD ./Drivers/STM32G4xx_HAL_Driver/stm32g4xx_hal_tim_ex.o
LOAD ./Drivers/STM32G4xx_HAL_Driver/stm32g4xx_hal_uart.o
LOAD ./Drivers/STM32G4xx_HAL_Driver/stm32g4xx_hal_uart_ex.o
LOAD ./Src/gpio.o
LOAD ./Src/lptim.o
LOAD ./Src/main.o
LOAD ./Src/stm32g4xx_hal_msp.o
LOAD ./Src/stm32g4xx_it.o
LOAD ./Src/syscalls.o
LOAD ./Src/sysmem.o
LOAD ./Src/system_stm32g4xx.o
LOAD ./Src/tim.o
LOAD ./Src/usart.o
LOAD ./Startup/startup_stm32g431kbtx.o
START GROUP
LOAD C:/ST/STM32CubeIDE_1.10.1/STM32CubeIDE/plugins/com.st.stm32cube.ide.mcu.externaltools.gnu-tools-for-stm32.11.3.rel1.win32_1.1.1.202309131626/tools/bin/../lib/gcc/arm-none-eabi/11.3.1/../../../../arm-none-eabi/lib/thumb/v7e-m+fp/hard\libc_nano.a
LOAD C:/ST/STM32CubeIDE_1.10.1/STM32CubeIDE/plugins/com.st.stm32cube.ide.mcu.externaltools.gnu-tools-for-stm32.11.3.rel1.win32_1.1.1.202309131626/tools/bin/../lib/gcc/arm-none-eabi/11.3.1/../../../../arm-none-eabi/lib/thumb/v7e-m+fp/hard\libm.a
END GROUP
START GROUP
LOAD C:/ST/STM32CubeIDE_1.10.1/STM32CubeIDE/plugins/com.st.stm32cube.ide.mcu.externaltools.gnu-tools-for-stm32.11.3.rel1.win32_1.1.1.202309131626/tools/bin/../lib/gcc/arm-none-eabi/11.3.1/thumb/v7e-m+fp/hard\libgcc.a
LOAD C:/ST/STM32CubeIDE_1.10.1/STM32CubeIDE/plugins/com.st.stm32cube.ide.mcu.externaltools.gnu-tools-for-stm32.11.3.rel1.win32_1.1.1.202309131626/tools/bin/../lib/gcc/arm-none-eabi/11.3.1/../../../../arm-none-eabi/lib/thumb/v7e-m+fp/hard\libc_nano.a
END GROUP
START GROUP
LOAD C:/ST/STM32CubeIDE_1.10.1/STM32CubeIDE/plugins/com.st.stm32cube.ide.mcu.externaltools.gnu-tools-for-stm32.11.3.rel1.win32_1.1.1.202309131626/tools/bin/../lib/gcc/arm-none-eabi/11.3.1/thumb/v7e-m+fp/hard\libgcc.a
LOAD C:/ST/STM32CubeIDE_1.10.1/STM32CubeIDE/plugins/com.st.stm32cube.ide.mcu.externaltools.gnu-tools-for-stm32.11.3.rel1.win32_1.1.1.202309131626/tools/bin/../lib/gcc/arm-none-eabi/11.3.1/../../../../arm-none-eabi/lib/thumb/v7e-m+fp/hard\libc_nano.a
LOAD C:/ST/STM32CubeIDE_1.10.1/STM32CubeIDE/plugins/com.st.stm32cube.ide.mcu.externaltools.gnu-tools-for-stm32.11.3.rel1.win32_1.1.1.202309131626/tools/bin/../lib/gcc/arm-none-eabi/11.3.1/../../../../arm-none-eabi/lib/thumb/v7e-m+fp/hard\libnosys.a
END GROUP
START GROUP
LOAD C:/ST/STM32CubeIDE_1.10.1/STM32CubeIDE/plugins/com.st.stm32cube.ide.mcu.externaltools.gnu-tools-for-stm32.11.3.rel1.win32_1.1.1.202309131626/tools/bin/../lib/gcc/arm-none-eabi/11.3.1/thumb/v7e-m+fp/hard\libgcc.a
LOAD C:/ST/STM32CubeIDE_1.10.1/STM32CubeIDE/plugins/com.st.stm32cube.ide.mcu.externaltools.gnu-tools-for-stm32.11.3.rel1.win32_1.1.1.202309131626/tools/bin/../lib/gcc/arm-none-eabi/11.3.1/../../../../arm-none-eabi/lib/thumb/v7e-m+fp/hard\libc_nano.a
LOAD C:/ST/STM32CubeIDE_1.10.1/STM32CubeIDE/plugins/com.st.stm32cube.ide.mcu.externaltools.gnu-tools-for-stm32.11.3.rel1.win32_1.1.1.202309131626/tools/bin/../lib/gcc/arm-none-eabi/11.3.1/../../../../arm-none-eabi/lib/thumb/v7e-m+fp/hard\libnosys.a
END GROUP
LOAD C:/ST/STM32CubeIDE_1.10.1/STM32CubeIDE/plugins/com.st.stm32cube.ide.mcu.externaltools.gnu-tools-for-stm32.11.3.rel1.win32_1.1.1.202309131626/tools/bin/../lib/gcc/arm-none-eabi/11.3.1/thumb/v7e-m+fp/hard/crtend.o
LOAD C:/ST/STM32CubeIDE_1.10.1/STM32CubeIDE/plugins/com.st.stm32cube.ide.mcu.externaltools.gnu-tools-for-stm32.11.3.rel1.win32_1.1.1.202309131626/tools/bin/../lib/gcc/arm-none-eabi/11.3.1/thumb/v7e-m+fp/hard/crtn.o
                0x0000000020008000                _estack = (ORIGIN (RAM) + LENGTH (RAM))
                0x0000000000000200                _Min_Heap_Size = 0x200
                0x0000000000000400                _Min_Stack_Size = 0x400

.isr_vector     0x0000000008000000      0x1d8
                0x0000000008000000                . = ALIGN (0x4)
 *(.isr_vector)
 .isr_vector    0x0000000008000000      0x1d8 ./Startup/startup_stm32g431kbtx.o
                0x0000000008000000                g_pfnVectors
                0x00000000080001d8                . = ALIGN (0x4)

.text           0x00000000080001d8     0x3d74
                0x00000000080001d8                . = ALIGN (0x4)
 *(.text)
 .text          0x00000000080001d8       0x40 C:/ST/STM32CubeIDE_1.10.1/STM32CubeIDE/plugins/com.st.stm32cube.ide.mcu.externaltools.gnu-tools-for-stm32.11.3.rel1.win32_1.1.1.202309131626/tools/bin/../lib/gcc/arm-none-eabi/11.3.1/thumb/v7e-m+fp/hard/crtbegin.o
 .text          0x0000000008000218       0x30 C:/ST/STM32CubeIDE_1.10.1/STM32CubeIDE/plugins/com.st.stm32cube.ide.mcu.externaltools.gnu-tools-for-stm32.11.3.rel1.win32_1.1.1.202309131626/tools/bin/../lib/gcc/arm-none-eabi/11.3.1/thumb/v7e-m+fp/hard\libgcc.a(_aeabi_uldivmod.o)
                0x0000000008000218                __aeabi_uldivmod
 .text          0x0000000008000248      0x2c8 C:/ST/STM32CubeIDE_1.10.1/STM32CubeIDE/plugins/com.st.stm32cube.ide.mcu.externaltools.gnu-tools-for-stm32.11.3.rel1.win32_1.1.1.202309131626/tools/bin/../lib/gcc/arm-none-eabi/11.3.1/thumb/v7e-m+fp/hard\libgcc.a(_udivmoddi4.o)
                0x0000000008000248                __udivmoddi4
 .text          0x0000000008000510        0x4 C:/ST/STM32CubeIDE_1.10.1/STM32CubeIDE/plugins/com.st.stm32cube.ide.mcu.externaltools.gnu-tools-for-stm32.11.3.rel1.win32_1.1.1.202309131626/tools/bin/../lib/gcc/arm-none-eabi/11.3.1/thumb/v7e-m+fp/hard\libgcc.a(_dvmd_tls.o)
                0x0000000008000510                __aeabi_idiv0
                0x0000000008000510                __aeabi_ldiv0
 *(.text*)
 .text.HAL_Init
                0x0000000008000514       0x30 ./Drivers/STM32G4xx_HAL_Driver/stm32g4xx_hal.o
                0x0000000008000514                HAL_Init
 .text.HAL_InitTick
                0x0000000008000544       0x74 ./Drivers/STM32G4xx_HAL_Driver/stm32g4xx_hal.o
                0x0000000008000544                HAL_InitTick
 .text.HAL_IncTick
                0x00000000080005b8       0x24 ./Drivers/STM32G4xx_HAL_Driver/stm32g4xx_hal.o
                0x00000000080005b8                HAL_IncTick
 .text.HAL_GetTick
                0x00000000080005dc       0x18 ./Drivers/STM32G4xx_HAL_Driver/stm32g4xx_hal.o
                0x00000000080005dc                HAL_GetTick
 .text.__NVIC_SetPriorityGrouping
                0x00000000080005f4       0x48 ./Drivers/STM32G4xx_HAL_Driver/stm32g4xx_hal_cortex.o
 .text.__NVIC_GetPriorityGrouping
                0x000000000800063c       0x1c ./Drivers/STM32G4xx_HAL_Driver/stm32g4xx_hal_cortex.o
 .text.__NVIC_EnableIRQ
                0x0000000008000658       0x3c ./Drivers/STM32G4xx_HAL_Driver/stm32g4xx_hal_cortex.o
 .text.__NVIC_SetPriority
                0x0000000008000694       0x54 ./Drivers/STM32G4xx_HAL_Driver/stm32g4xx_hal_cortex.o
 .text.NVIC_EncodePriority
                0x00000000080006e8       0x66 ./Drivers/STM32G4xx_HAL_Driver/stm32g4xx_hal_cortex.o
 *fill*         0x000000000800074e        0x2 
 .text.SysTick_Config
                0x0000000008000750       0x44 ./Drivers/STM32G4xx_HAL_Driver/stm32g4xx_hal_cortex.o
 .text.HAL_NVIC_SetPriorityGrouping
                0x0000000008000794       0x16 ./Drivers/STM32G4xx_HAL_Driver/stm32g4xx_hal_cortex.o
                0x0000000008000794                HAL_NVIC_SetPriorityGrouping
 .text.HAL_NVIC_SetPriority
                0x00000000080007aa       0x34 ./Drivers/STM32G4xx_HAL_Driver/stm32g4xx_hal_cortex.o
                0x00000000080007aa                HAL_NVIC_SetPriority
 .text.HAL_NVIC_EnableIRQ
                0x00000000080007de       0x1c ./Drivers/STM32G4xx_HAL_Driver/stm32g4xx_hal_cortex.o
                0x00000000080007de                HAL_NVIC_EnableIRQ
 .text.HAL_SYSTICK_Config
                0x00000000080007fa       0x18 ./Drivers/STM32G4xx_HAL_Driver/stm32g4xx_hal_cortex.o
                0x00000000080007fa                HAL_SYSTICK_Config
 .text.HAL_DMA_Abort
                0x0000000008000812       0xb2 ./Drivers/STM32G4xx_HAL_Driver/stm32g4xx_hal_dma.o
                0x0000000008000812                HAL_DMA_Abort
 .text.HAL_DMA_Abort_IT
                0x00000000080008c4       0xce ./Drivers/STM32G4xx_HAL_Driver/stm32g4xx_hal_dma.o
                0x00000000080008c4                HAL_DMA_Abort_IT
 *fill*         0x0000000008000992        0x2 
 .text.HAL_GPIO_Init
                0x0000000008000994      0x304 ./Drivers/STM32G4xx_HAL_Driver/stm32g4xx_hal_gpio.o
                0x0000000008000994                HAL_GPIO_Init
 .text.HAL_GPIO_WritePin
                0x0000000008000c98       0x30 ./Drivers/STM32G4xx_HAL_Driver/stm32g4xx_hal_gpio.o
                0x0000000008000c98                HAL_GPIO_WritePin
 .text.HAL_GPIO_EXTI_IRQHandler
                0x0000000008000cc8       0x30 ./Drivers/STM32G4xx_HAL_Driver/stm32g4xx_hal_gpio.o
                0x0000000008000cc8                HAL_GPIO_EXTI_IRQHandler
 .text.HAL_GPIO_EXTI_Callback
                0x0000000008000cf8       0x16 ./Drivers/STM32G4xx_HAL_Driver/stm32g4xx_hal_gpio.o
                0x0000000008000cf8                HAL_GPIO_EXTI_Callback
 *fill*         0x0000000008000d0e        0x2 
 .text.HAL_LPTIM_Init
                0x0000000008000d10      0x138 ./Drivers/STM32G4xx_HAL_Driver/stm32g4xx_hal_lptim.o
                0x0000000008000d10                HAL_LPTIM_Init
 .text.HAL_LPTIM_IRQHandler
                0x0000000008000e48      0x136 ./Drivers/STM32G4xx_HAL_Driver/stm32g4xx_hal_lptim.o
                0x0000000008000e48                HAL_LPTIM_IRQHandler
 .text.HAL_LPTIM_CompareMatchCallback
                0x0000000008000f7e       0x14 ./Drivers/STM32G4xx_HAL_Driver/stm32g4xx_hal_lptim.o
                0x0000000008000f7e                HAL_LPTIM_CompareMatchCallback
 .text.HAL_LPTIM_AutoReloadMatchCallback
                0x0000000008000f92       0x14 ./Drivers/STM32G4xx_HAL_Driver/stm32g4xx_hal_lptim.o
                0x0000000008000f92                HAL_LPTIM_AutoReloadMatchCallback
 .text.HAL_LPTIM_TriggerCallback
                0x0000000008000fa6       0x14 ./Drivers/STM32G4xx_HAL_Driver/stm32g4xx_hal_lptim.o
                0x0000000008000fa6                HAL_LPTIM_TriggerCallback
 .text.HAL_LPTIM_CompareWriteCallback
                0x0000000008000fba       0x14 ./Drivers/STM32G4xx_HAL_Driver/stm32g4xx_hal_lptim.o
                0x0000000008000fba                HAL_LPTIM_CompareWriteCallback
 .text.HAL_LPTIM_AutoReloadWriteCallback
                0x0000000008000fce       0x14 ./Drivers/STM32G4xx_HAL_Driver/stm32g4xx_hal_lptim.o
                0x0000000008000fce                HAL_LPTIM_AutoReloadWriteCallback
 .text.HAL_LPTIM_DirectionUpCallback
                0x0000000008000fe2       0x14 ./Drivers/STM32G4xx_HAL_Driver/stm32g4xx_hal_lptim.o
                0x0000000008000fe2                HAL_LPTIM_DirectionUpCallback
 .text.HAL_LPTIM_DirectionDownCallback
                0x0000000008000ff6       0x14 ./Drivers/STM32G4xx_HAL_Driver/stm32g4xx_hal_lptim.o
                0x0000000008000ff6                HAL_LPTIM_DirectionDownCallback
 *fill*         0x000000000800100a        0x2 
 .text.HAL_PWREx_ControlVoltageScaling
                0x000000000800100c      0x148 ./Drivers/STM32G4xx_HAL_Driver/stm32g4xx_hal_pwr_ex.o
                0x000000000800100c                HAL_PWREx_ControlVoltageScaling
 .text.HAL_PWREx_DisableUCPDDeadBattery
                0x0000000008001154       0x20 ./Drivers/STM32G4xx_HAL_Driver/stm32g4xx_hal_pwr_ex.o
                0x0000000008001154                HAL_PWREx_DisableUCPDDeadBattery
 .text.HAL_RCC_OscConfig
                0x0000000008001174      0x624 ./Drivers/STM32G4xx_HAL_Driver/stm32g4xx_hal_rcc.o
                0x0000000008001174                HAL_RCC_OscConfig
 .text.HAL_RCC_ClockConfig
                0x0000000008001798      0x278 ./Drivers/STM32G4xx_HAL_Driver/stm32g4xx_hal_rcc.o
                0x0000000008001798                HAL_RCC_ClockConfig
 .text.HAL_RCC_GetSysClockFreq
                0x0000000008001a10       0xc4 ./Drivers/STM32G4xx_HAL_Driver/stm32g4xx_hal_rcc.o
                0x0000000008001a10                HAL_RCC_GetSysClockFreq
 .text.HAL_RCC_GetHCLKFreq
                0x0000000008001ad4       0x18 ./Drivers/STM32G4xx_HAL_Driver/stm32g4xx_hal_rcc.o
                0x0000000008001ad4                HAL_RCC_GetHCLKFreq
 .text.HAL_RCC_GetPCLK1Freq
                0x0000000008001aec       0x2c ./Drivers/STM32G4xx_HAL_Driver/stm32g4xx_hal_rcc.o
                0x0000000008001aec                HAL_RCC_GetPCLK1Freq
 .text.HAL_RCC_GetPCLK2Freq
                0x0000000008001b18       0x2c ./Drivers/STM32G4xx_HAL_Driver/stm32g4xx_hal_rcc.o
                0x0000000008001b18                HAL_RCC_GetPCLK2Freq
 .text.RCC_GetSysClockFreqFromPLLSource
                0x0000000008001b44       0x8c ./Drivers/STM32G4xx_HAL_Driver/stm32g4xx_hal_rcc.o
 .text.HAL_RCCEx_PeriphCLKConfig
                0x0000000008001bd0      0x3e0 ./Drivers/STM32G4xx_HAL_Driver/stm32g4xx_hal_rcc_ex.o
                0x0000000008001bd0                HAL_RCCEx_PeriphCLKConfig
 .text.HAL_TIM_Base_Init
                0x0000000008001fb0       0xae ./Drivers/STM32G4xx_HAL_Driver/stm32g4xx_hal_tim.o
                0x0000000008001fb0                HAL_TIM_Base_Init
 .text.HAL_TIM_IRQHandler
                0x000000000800205e      0x29e ./Drivers/STM32G4xx_HAL_Driver/stm32g4xx_hal_tim.o
                0x000000000800205e                HAL_TIM_IRQHandler
 .text.HAL_TIM_PeriodElapsedCallback
                0x00000000080022fc       0x14 ./Drivers/STM32G4xx_HAL_Driver/stm32g4xx_hal_tim.o
                0x00000000080022fc                HAL_TIM_PeriodElapsedCallback
 .text.HAL_TIM_OC_DelayElapsedCallback
                0x0000000008002310       0x14 ./Drivers/STM32G4xx_HAL_Driver/stm32g4xx_hal_tim.o
                0x0000000008002310                HAL_TIM_OC_DelayElapsedCallback
 .text.HAL_TIM_IC_CaptureCallback
                0x0000000008002324       0x14 ./Drivers/STM32G4xx_HAL_Driver/stm32g4xx_hal_tim.o
                0x0000000008002324                HAL_TIM_IC_CaptureCallback
 .text.HAL_TIM_PWM_PulseFinishedCallback
                0x0000000008002338       0x14 ./Drivers/STM32G4xx_HAL_Driver/stm32g4xx_hal_tim.o
                0x0000000008002338                HAL_TIM_PWM_PulseFinishedCallback
 .text.HAL_TIM_TriggerCallback
                0x000000000800234c       0x14 ./Drivers/STM32G4xx_HAL_Driver/stm32g4xx_hal_tim.o
                0x000000000800234c                HAL_TIM_TriggerCallback
 .text.TIM_Base_SetConfig
                0x0000000008002360      0x138 ./Drivers/STM32G4xx_HAL_Driver/stm32g4xx_hal_tim.o
                0x0000000008002360                TIM_Base_SetConfig
 .text.HAL_TIMEx_CommutCallback
                0x0000000008002498       0x14 ./Drivers/STM32G4xx_HAL_Driver/stm32g4xx_hal_tim_ex.o
                0x0000000008002498                HAL_TIMEx_CommutCallback
 .text.HAL_TIMEx_BreakCallback
                0x00000000080024ac       0x14 ./Drivers/STM32G4xx_HAL_Driver/stm32g4xx_hal_tim_ex.o
                0x00000000080024ac                HAL_TIMEx_BreakCallback
 .text.HAL_TIMEx_Break2Callback
                0x00000000080024c0       0x14 ./Drivers/STM32G4xx_HAL_Driver/stm32g4xx_hal_tim_ex.o
                0x00000000080024c0                HAL_TIMEx_Break2Callback
 .text.HAL_TIMEx_EncoderIndexCallback
                0x00000000080024d4       0x14 ./Drivers/STM32G4xx_HAL_Driver/stm32g4xx_hal_tim_ex.o
                0x00000000080024d4                HAL_TIMEx_EncoderIndexCallback
 .text.HAL_TIMEx_DirectionChangeCallback
                0x00000000080024e8       0x14 ./Drivers/STM32G4xx_HAL_Driver/stm32g4xx_hal_tim_ex.o
                0x00000000080024e8                HAL_TIMEx_DirectionChangeCallback
 .text.HAL_TIMEx_IndexErrorCallback
                0x00000000080024fc       0x14 ./Drivers/STM32G4xx_HAL_Driver/stm32g4xx_hal_tim_ex.o
                0x00000000080024fc                HAL_TIMEx_IndexErrorCallback
 .text.HAL_TIMEx_TransitionErrorCallback
                0x0000000008002510       0x14 ./Drivers/STM32G4xx_HAL_Driver/stm32g4xx_hal_tim_ex.o
                0x0000000008002510                HAL_TIMEx_TransitionErrorCallback
 .text.HAL_UART_Init
                0x0000000008002524       0xa0 ./Drivers/STM32G4xx_HAL_Driver/stm32g4xx_hal_uart.o
                0x0000000008002524                HAL_UART_Init
 .text.HAL_UART_IRQHandler
                0x00000000080025c4      0x648 ./Drivers/STM32G4xx_HAL_Driver/stm32g4xx_hal_uart.o
                0x00000000080025c4                HAL_UART_IRQHandler
 .text.HAL_UART_TxCpltCallback
                0x0000000008002c0c       0x14 ./Drivers/STM32G4xx_HAL_Driver/stm32g4xx_hal_uart.o
                0x0000000008002c0c                HAL_UART_TxCpltCallback
 .text.HAL_UART_ErrorCallback
                0x0000000008002c20       0x14 ./Drivers/STM32G4xx_HAL_Driver/stm32g4xx_hal_uart.o
                0x0000000008002c20                HAL_UART_ErrorCallback
 .text.HAL_UARTEx_RxEventCallback
                0x0000000008002c34       0x18 ./Drivers/STM32G4xx_HAL_Driver/stm32g4xx_hal_uart.o
                0x0000000008002c34                HAL_UARTEx_RxEventCallback
 .text.UART_SetConfig
                0x0000000008002c4c      0x598 ./Drivers/STM32G4xx_HAL_Driver/stm32g4xx_hal_uart.o
                0x0000000008002c4c                UART_SetConfig
 .text.UART_AdvFeatureConfig
                0x00000000080031e4      0x144 ./Drivers/STM32G4xx_HAL_Driver/stm32g4xx_hal_uart.o
                0x00000000080031e4                UART_AdvFeatureConfig
 .text.UART_CheckIdleState
                0x0000000008003328      0x154 ./Drivers/STM32G4xx_HAL_Driver/stm32g4xx_hal_uart.o
                0x0000000008003328                UART_CheckIdleState
 .text.UART_WaitOnFlagUntilTimeout
                0x000000000800347c       0xda ./Drivers/STM32G4xx_HAL_Driver/stm32g4xx_hal_uart.o
                0x000000000800347c                UART_WaitOnFlagUntilTimeout
 .text.UART_EndRxTransfer
                0x0000000008003556       0xcc ./Drivers/STM32G4xx_HAL_Driver/stm32g4xx_hal_uart.o
 .text.UART_DMAAbortOnError
                0x0000000008003622       0x2c ./Drivers/STM32G4xx_HAL_Driver/stm32g4xx_hal_uart.o
 .text.UART_EndTransmit_IT
                0x000000000800364e       0x56 ./Drivers/STM32G4xx_HAL_Driver/stm32g4xx_hal_uart.o
 .text.HAL_UARTEx_WakeupCallback
                0x00000000080036a4       0x14 ./Drivers/STM32G4xx_HAL_Driver/stm32g4xx_hal_uart_ex.o
                0x00000000080036a4                HAL_UARTEx_WakeupCallback
 .text.HAL_UARTEx_RxFifoFullCallback
                0x00000000080036b8       0x14 ./Drivers/STM32G4xx_HAL_Driver/stm32g4xx_hal_uart_ex.o
                0x00000000080036b8                HAL_UARTEx_RxFifoFullCallback
 .text.HAL_UARTEx_TxFifoEmptyCallback
                0x00000000080036cc       0x14 ./Drivers/STM32G4xx_HAL_Driver/stm32g4xx_hal_uart_ex.o
                0x00000000080036cc                HAL_UARTEx_TxFifoEmptyCallback
 .text.HAL_UARTEx_DisableFifoMode
                0x00000000080036e0       0x72 ./Drivers/STM32G4xx_HAL_Driver/stm32g4xx_hal_uart_ex.o
                0x00000000080036e0                HAL_UARTEx_DisableFifoMode
 .text.HAL_UARTEx_SetTxFifoThreshold
                0x0000000008003752       0x7c ./Drivers/STM32G4xx_HAL_Driver/stm32g4xx_hal_uart_ex.o
                0x0000000008003752                HAL_UARTEx_SetTxFifoThreshold
 .text.HAL_UARTEx_SetRxFifoThreshold
                0x00000000080037ce       0x7c ./Drivers/STM32G4xx_HAL_Driver/stm32g4xx_hal_uart_ex.o
                0x00000000080037ce                HAL_UARTEx_SetRxFifoThreshold
 *fill*         0x000000000800384a        0x2 
 .text.UARTEx_SetNbDataToProcess
                0x000000000800384c       0x9c ./Drivers/STM32G4xx_HAL_Driver/stm32g4xx_hal_uart_ex.o
 .text.MX_GPIO_Init
                0x00000000080038e8       0xd0 ./Src/gpio.o
                0x00000000080038e8                MX_GPIO_Init
 .text.MX_LPTIM1_Init
                0x00000000080039b8       0x5c ./Src/lptim.o
                0x00000000080039b8                MX_LPTIM1_Init
 .text.HAL_LPTIM_MspInit
                0x0000000008003a14       0x78 ./Src/lptim.o
                0x0000000008003a14                HAL_LPTIM_MspInit
 .text.main     0x0000000008003a8c       0x1e ./Src/main.o
                0x0000000008003a8c                main
 .text.SystemClock_Config
                0x0000000008003aaa       0x96 ./Src/main.o
                0x0000000008003aaa                SystemClock_Config
 .text.Error_Handler
                0x0000000008003b40        0xa ./Src/main.o
                0x0000000008003b40                Error_Handler
 *fill*         0x0000000008003b4a        0x2 
 .text.HAL_MspInit
                0x0000000008003b4c       0x48 ./Src/stm32g4xx_hal_msp.o
                0x0000000008003b4c                HAL_MspInit
 .text.NMI_Handler
                0x0000000008003b94        0x6 ./Src/stm32g4xx_it.o
                0x0000000008003b94                NMI_Handler
 .text.HardFault_Handler
                0x0000000008003b9a        0x6 ./Src/stm32g4xx_it.o
                0x0000000008003b9a                HardFault_Handler
 .text.MemManage_Handler
                0x0000000008003ba0        0x6 ./Src/stm32g4xx_it.o
                0x0000000008003ba0                MemManage_Handler
 .text.BusFault_Handler
                0x0000000008003ba6        0x6 ./Src/stm32g4xx_it.o
                0x0000000008003ba6                BusFault_Handler
 .text.UsageFault_Handler
                0x0000000008003bac        0x6 ./Src/stm32g4xx_it.o
                0x0000000008003bac                UsageFault_Handler
 .text.SVC_Handler
                0x0000000008003bb2        0xe ./Src/stm32g4xx_it.o
                0x0000000008003bb2                SVC_Handler
 .text.DebugMon_Handler
                0x0000000008003bc0        0xe ./Src/stm32g4xx_it.o
                0x0000000008003bc0                DebugMon_Handler
 .text.PendSV_Handler
                0x0000000008003bce        0xe ./Src/stm32g4xx_it.o
                0x0000000008003bce                PendSV_Handler
 .text.SysTick_Handler
                0x0000000008003bdc        0xc ./Src/stm32g4xx_it.o
                0x0000000008003bdc                SysTick_Handler
 .text.EXTI4_IRQHandler
                0x0000000008003be8        0xe ./Src/stm32g4xx_it.o
                0x0000000008003be8                EXTI4_IRQHandler
 .text.EXTI9_5_IRQHandler
                0x0000000008003bf6       0x2a ./Src/stm32g4xx_it.o
                0x0000000008003bf6                EXTI9_5_IRQHandler
 .text.TIM1_UP_TIM16_IRQHandler
                0x0000000008003c20       0x14 ./Src/stm32g4xx_it.o
                0x0000000008003c20                TIM1_UP_TIM16_IRQHandler
 .text.USART2_IRQHandler
                0x0000000008003c34       0x14 ./Src/stm32g4xx_it.o
                0x0000000008003c34                USART2_IRQHandler
 .text.EXTI15_10_IRQHandler
                0x0000000008003c48       0x18 ./Src/stm32g4xx_it.o
                0x0000000008003c48                EXTI15_10_IRQHandler
 .text.LPTIM1_IRQHandler
                0x0000000008003c60       0x14 ./Src/stm32g4xx_it.o
                0x0000000008003c60                LPTIM1_IRQHandler
 .text.SystemInit
                0x0000000008003c74       0x24 ./Src/system_stm32g4xx.o
                0x0000000008003c74                SystemInit
 .text.MX_TIM16_Init
                0x0000000008003c98       0x4c ./Src/tim.o
                0x0000000008003c98                MX_TIM16_Init
 .text.HAL_TIM_Base_MspInit
                0x0000000008003ce4       0x4c ./Src/tim.o
                0x0000000008003ce4                HAL_TIM_Base_MspInit
 .text.MX_USART2_UART_Init
                0x0000000008003d30       0x98 ./Src/usart.o
                0x0000000008003d30                MX_USART2_UART_Init
 .text.HAL_UART_MspInit
                0x0000000008003dc8       0xc0 ./Src/usart.o
                0x0000000008003dc8                HAL_UART_MspInit
 .text.Reset_Handler
                0x0000000008003e88       0x50 ./Startup/startup_stm32g431kbtx.o
                0x0000000008003e88                Reset_Handler
 .text.Default_Handler
                0x0000000008003ed8        0x2 ./Startup/startup_stm32g431kbtx.o
                0x0000000008003ed8                RTC_Alarm_IRQHandler
                0x0000000008003ed8                EXTI2_IRQHandler
                0x0000000008003ed8                TIM8_TRG_COM_IRQHandler
                0x0000000008003ed8                TIM8_CC_IRQHandler
                0x0000000008003ed8                TIM1_CC_IRQHandler
                0x0000000008003ed8                USB_HP_IRQHandler
                0x0000000008003ed8                CORDIC_IRQHandler
                0x0000000008003ed8                EXTI3_IRQHandler
                0x0000000008003ed8                I2C3_ER_IRQHandler
                0x0000000008003ed8                EXTI0_IRQHandler
                0x0000000008003ed8                I2C2_EV_IRQHandler
                0x0000000008003ed8                FPU_IRQHandler
                0x0000000008003ed8                FDCAN1_IT1_IRQHandler
                0x0000000008003ed8                ADC1_2_IRQHandler
                0x0000000008003ed8                SPI1_IRQHandler
                0x0000000008003ed8                TIM6_DAC_IRQHandler
                0x0000000008003ed8                TIM8_UP_IRQHandler
                0x0000000008003ed8                DMA2_Channel2_IRQHandler
                0x0000000008003ed8                DMA1_Channel4_IRQHandler
                0x0000000008003ed8                USART3_IRQHandler
                0x0000000008003ed8                TIM4_IRQHandler
                0x0000000008003ed8                DMA2_Channel1_IRQHandler
                0x0000000008003ed8                I2C1_EV_IRQHandler
                0x0000000008003ed8                DMA1_Channel6_IRQHandler
                0x0000000008003ed8                UART4_IRQHandler
                0x0000000008003ed8                DMA2_Channel4_IRQHandler
                0x0000000008003ed8                TIM3_IRQHandler
                0x0000000008003ed8                RCC_IRQHandler
                0x0000000008003ed8                DMA1_Channel1_IRQHandler
                0x0000000008003ed8                Default_Handler
                0x0000000008003ed8                RTC_TAMP_LSECSS_IRQHandler
                0x0000000008003ed8                FMAC_IRQHandler
                0x0000000008003ed8                TIM7_IRQHandler
                0x0000000008003ed8                UCPD1_IRQHandler
                0x0000000008003ed8                I2C3_EV_IRQHandler
                0x0000000008003ed8                RTC_WKUP_IRQHandler
                0x0000000008003ed8                PVD_PVM_IRQHandler
                0x0000000008003ed8                SPI2_IRQHandler
                0x0000000008003ed8                DMA2_Channel5_IRQHandler
                0x0000000008003ed8                CRS_IRQHandler
                0x0000000008003ed8                DMA1_Channel5_IRQHandler
                0x0000000008003ed8                USB_LP_IRQHandler
                0x0000000008003ed8                RNG_IRQHandler
                0x0000000008003ed8                TIM1_TRG_COM_TIM17_IRQHandler
                0x0000000008003ed8                DMA1_Channel3_IRQHandler
                0x0000000008003ed8                WWDG_IRQHandler
                0x0000000008003ed8                LPUART1_IRQHandler
                0x0000000008003ed8                DMA2_Channel6_IRQHandler
                0x0000000008003ed8                FDCAN1_IT0_IRQHandler
                0x0000000008003ed8                TIM2_IRQHandler
                0x0000000008003ed8                COMP1_2_3_IRQHandler
                0x0000000008003ed8                EXTI1_IRQHandler
                0x0000000008003ed8                I2C2_ER_IRQHandler
                0x0000000008003ed8                DMA1_Channel2_IRQHandler
                0x0000000008003ed8                TIM8_BRK_IRQHandler
                0x0000000008003ed8                FLASH_IRQHandler
                0x0000000008003ed8                USART1_IRQHandler
                0x0000000008003ed8                SPI3_IRQHandler
                0x0000000008003ed8                I2C1_ER_IRQHandler
                0x0000000008003ed8                DMAMUX_OVR_IRQHandler
                0x0000000008003ed8                USBWakeUp_IRQHandler
                0x0000000008003ed8                SAI1_IRQHandler
                0x0000000008003ed8                DMA2_Channel3_IRQHandler
                0x0000000008003ed8                COMP4_IRQHandler
                0x0000000008003ed8                TIM1_BRK_TIM15_IRQHandler
 .text.memset   0x0000000008003eda       0x10 C:/ST/STM32CubeIDE_1.10.1/STM32CubeIDE/plugins/com.st.stm32cube.ide.mcu.externaltools.gnu-tools-for-stm32.11.3.rel1.win32_1.1.1.202309131626/tools/bin/../lib/gcc/arm-none-eabi/11.3.1/../../../../arm-none-eabi/lib/thumb/v7e-m+fp/hard\libc_nano.a(libc_a-memset.o)
                0x0000000008003eda                memset
 *fill*         0x0000000008003eea        0x2 
 .text.__libc_init_array
                0x0000000008003eec       0x48 C:/ST/STM32CubeIDE_1.10.1/STM32CubeIDE/plugins/com.st.stm32cube.ide.mcu.externaltools.gnu-tools-for-stm32.11.3.rel1.win32_1.1.1.202309131626/tools/bin/../lib/gcc/arm-none-eabi/11.3.1/../../../../arm-none-eabi/lib/thumb/v7e-m+fp/hard\libc_nano.a(libc_a-init.o)
                0x0000000008003eec                __libc_init_array
 *(.glue_7)
 .glue_7        0x0000000008003f34        0x0 linker stubs
 *(.glue_7t)
 .glue_7t       0x0000000008003f34        0x0 linker stubs
 *(.eh_frame)
 .eh_frame      0x0000000008003f34        0x0 C:/ST/STM32CubeIDE_1.10.1/STM32CubeIDE/plugins/com.st.stm32cube.ide.mcu.externaltools.gnu-tools-for-stm32.11.3.rel1.win32_1.1.1.202309131626/tools/bin/../lib/gcc/arm-none-eabi/11.3.1/thumb/v7e-m+fp/hard/crtbegin.o
 *(.init)
 .init          0x0000000008003f34        0x4 C:/ST/STM32CubeIDE_1.10.1/STM32CubeIDE/plugins/com.st.stm32cube.ide.mcu.externaltools.gnu-tools-for-stm32.11.3.rel1.win32_1.1.1.202309131626/tools/bin/../lib/gcc/arm-none-eabi/11.3.1/thumb/v7e-m+fp/hard/crti.o
                0x0000000008003f34                _init
 .init          0x0000000008003f38        0x8 C:/ST/STM32CubeIDE_1.10.1/STM32CubeIDE/plugins/com.st.stm32cube.ide.mcu.externaltools.gnu-tools-for-stm32.11.3.rel1.win32_1.1.1.202309131626/tools/bin/../lib/gcc/arm-none-eabi/11.3.1/thumb/v7e-m+fp/hard/crtn.o
 *(.fini)
 .fini          0x0000000008003f40        0x4 C:/ST/STM32CubeIDE_1.10.1/STM32CubeIDE/plugins/com.st.stm32cube.ide.mcu.externaltools.gnu-tools-for-stm32.11.3.rel1.win32_1.1.1.202309131626/tools/bin/../lib/gcc/arm-none-eabi/11.3.1/thumb/v7e-m+fp/hard/crti.o
                0x0000000008003f40                _fini
 .fini          0x0000000008003f44        0x8 C:/ST/STM32CubeIDE_1.10.1/STM32CubeIDE/plugins/com.st.stm32cube.ide.mcu.externaltools.gnu-tools-for-stm32.11.3.rel1.win32_1.1.1.202309131626/tools/bin/../lib/gcc/arm-none-eabi/11.3.1/thumb/v7e-m+fp/hard/crtn.o
                0x0000000008003f4c                . = ALIGN (0x4)
                0x0000000008003f4c                _etext = .

.vfp11_veneer   0x0000000008003f4c        0x0
 .vfp11_veneer  0x0000000008003f4c        0x0 linker stubs

.v4_bx          0x0000000008003f4c        0x0
 .v4_bx         0x0000000008003f4c        0x0 linker stubs

.iplt           0x0000000008003f4c        0x0
 .iplt          0x0000000008003f4c        0x0 C:/ST/STM32CubeIDE_1.10.1/STM32CubeIDE/plugins/com.st.stm32cube.ide.mcu.externaltools.gnu-tools-for-stm32.11.3.rel1.win32_1.1.1.202309131626/tools/bin/../lib/gcc/arm-none-eabi/11.3.1/thumb/v7e-m+fp/hard/crtbegin.o

.rodata         0x0000000008003f4c       0x40
                0x0000000008003f4c                . = ALIGN (0x4)
 *(.rodata)
 *(.rodata*)
 .rodata.UARTPrescTable
                0x0000000008003f4c       0x18 ./Drivers/STM32G4xx_HAL_Driver/stm32g4xx_hal_uart.o
                0x0000000008003f4c                UARTPrescTable
 .rodata.numerator.1
                0x0000000008003f64        0x8 ./Drivers/STM32G4xx_HAL_Driver/stm32g4xx_hal_uart_ex.o
 .rodata.denominator.0
                0x0000000008003f6c        0x8 ./Drivers/STM32G4xx_HAL_Driver/stm32g4xx_hal_uart_ex.o
 .rodata.AHBPrescTable
                0x0000000008003f74       0x10 ./Src/system_stm32g4xx.o
                0x0000000008003f74                AHBPrescTable
 .rodata.APBPrescTable
                0x0000000008003f84        0x8 ./Src/system_stm32g4xx.o
                0x0000000008003f84                APBPrescTable
                0x0000000008003f8c                . = ALIGN (0x4)

.ARM.extab      0x0000000008003f8c        0x0
                0x0000000008003f8c                . = ALIGN (0x4)
 *(.ARM.extab* .gnu.linkonce.armextab.*)
                0x0000000008003f8c                . = ALIGN (0x4)

.ARM            0x0000000008003f8c        0x8
                0x0000000008003f8c                . = ALIGN (0x4)
                0x0000000008003f8c                __exidx_start = .
 *(.ARM.exidx*)
 .ARM.exidx     0x0000000008003f8c        0x8 C:/ST/STM32CubeIDE_1.10.1/STM32CubeIDE/plugins/com.st.stm32cube.ide.mcu.externaltools.gnu-tools-for-stm32.11.3.rel1.win32_1.1.1.202309131626/tools/bin/../lib/gcc/arm-none-eabi/11.3.1/thumb/v7e-m+fp/hard\libgcc.a(_udivmoddi4.o)
                0x0000000008003f94                __exidx_end = .
                0x0000000008003f94                . = ALIGN (0x4)

.rel.dyn        0x0000000008003f94        0x0
 .rel.iplt      0x0000000008003f94        0x0 C:/ST/STM32CubeIDE_1.10.1/STM32CubeIDE/plugins/com.st.stm32cube.ide.mcu.externaltools.gnu-tools-for-stm32.11.3.rel1.win32_1.1.1.202309131626/tools/bin/../lib/gcc/arm-none-eabi/11.3.1/thumb/v7e-m+fp/hard/crtbegin.o

.preinit_array  0x0000000008003f94        0x0
                0x0000000008003f94                . = ALIGN (0x4)
                0x0000000008003f94                PROVIDE (__preinit_array_start = .)
 *(.preinit_array*)
                0x0000000008003f94                PROVIDE (__preinit_array_end = .)
                0x0000000008003f94                . = ALIGN (0x4)

.init_array     0x0000000008003f94        0x4
                0x0000000008003f94                . = ALIGN (0x4)
                0x0000000008003f94                PROVIDE (__init_array_start = .)
 *(SORT_BY_NAME(.init_array.*))
 *(.init_array*)
 .init_array    0x0000000008003f94        0x4 C:/ST/STM32CubeIDE_1.10.1/STM32CubeIDE/plugins/com.st.stm32cube.ide.mcu.externaltools.gnu-tools-for-stm32.11.3.rel1.win32_1.1.1.202309131626/tools/bin/../lib/gcc/arm-none-eabi/11.3.1/thumb/v7e-m+fp/hard/crtbegin.o
                0x0000000008003f98                PROVIDE (__init_array_end = .)
                0x0000000008003f98                . = ALIGN (0x4)

.fini_array     0x0000000008003f98        0x4
                0x0000000008003f98                . = ALIGN (0x4)
                [!provide]                        PROVIDE (__fini_array_start = .)
 *(SORT_BY_NAME(.fini_array.*))
 *(.fini_array*)
 .fini_array    0x0000000008003f98        0x4 C:/ST/STM32CubeIDE_1.10.1/STM32CubeIDE/plugins/com.st.stm32cube.ide.mcu.externaltools.gnu-tools-for-stm32.11.3.rel1.win32_1.1.1.202309131626/tools/bin/../lib/gcc/arm-none-eabi/11.3.1/thumb/v7e-m+fp/hard/crtbegin.o
                [!provide]                        PROVIDE (__fini_array_end = .)
                0x0000000008003f9c                . = ALIGN (0x4)
                0x0000000008003f9c                _sidata = LOADADDR (.data)

.data           0x0000000020000000        0xc load address 0x0000000008003f9c
                0x0000000020000000                . = ALIGN (0x4)
                0x0000000020000000                _sdata = .
 *(.data)
 *(.data*)
 .data.uwTickPrio
                0x0000000020000000        0x4 ./Drivers/STM32G4xx_HAL_Driver/stm32g4xx_hal.o
                0x0000000020000000                uwTickPrio
 .data.uwTickFreq
                0x0000000020000004        0x4 ./Drivers/STM32G4xx_HAL_Driver/stm32g4xx_hal.o
                0x0000000020000004                uwTickFreq
 .data.SystemCoreClock
                0x0000000020000008        0x4 ./Src/system_stm32g4xx.o
                0x0000000020000008                SystemCoreClock
 *(.RamFunc)
 *(.RamFunc*)
                0x000000002000000c                . = ALIGN (0x4)
                0x000000002000000c                _edata = .

.igot.plt       0x000000002000000c        0x0 load address 0x0000000008003fa8
 .igot.plt      0x000000002000000c        0x0 C:/ST/STM32CubeIDE_1.10.1/STM32CubeIDE/plugins/com.st.stm32cube.ide.mcu.externaltools.gnu-tools-for-stm32.11.3.rel1.win32_1.1.1.202309131626/tools/bin/../lib/gcc/arm-none-eabi/11.3.1/thumb/v7e-m+fp/hard/crtbegin.o
                0x000000002000000c                . = ALIGN (0x4)

.bss            0x000000002000000c      0x138 load address 0x0000000008003fa8
                0x000000002000000c                _sbss = .
                0x000000002000000c                __bss_start__ = _sbss
 *(.bss)
 .bss           0x000000002000000c       0x1c C:/ST/STM32CubeIDE_1.10.1/STM32CubeIDE/plugins/com.st.stm32cube.ide.mcu.externaltools.gnu-tools-for-stm32.11.3.rel1.win32_1.1.1.202309131626/tools/bin/../lib/gcc/arm-none-eabi/11.3.1/thumb/v7e-m+fp/hard/crtbegin.o
 *(.bss*)
 .bss.uwTick    0x0000000020000028        0x4 ./Drivers/STM32G4xx_HAL_Driver/stm32g4xx_hal.o
                0x0000000020000028                uwTick
 .bss.hlptim1   0x000000002000002c       0x38 ./Src/lptim.o
                0x000000002000002c                hlptim1
 .bss.htim16    0x0000000020000064       0x4c ./Src/tim.o
                0x0000000020000064                htim16
 .bss.huart2    0x00000000200000b0       0x94 ./Src/usart.o
                0x00000000200000b0                huart2
 *(COMMON)
                0x0000000020000144                . = ALIGN (0x4)
                0x0000000020000144                _ebss = .
                0x0000000020000144                __bss_end__ = _ebss

._user_heap_stack
                0x0000000020000144      0x604 load address 0x0000000008003fa8
                0x0000000020000148                . = ALIGN (0x8)
 *fill*         0x0000000020000144        0x4 
                [!provide]                        PROVIDE (end = .)
                0x0000000020000148                PROVIDE (_end = .)
                0x0000000020000348                . = (. + _Min_Heap_Size)
 *fill*         0x0000000020000148      0x200 
                0x0000000020000748                . = (. + _Min_Stack_Size)
 *fill*         0x0000000020000348      0x400 
                0x0000000020000748                . = ALIGN (0x8)

/DISCARD/
 libc.a(*)
 libm.a(*)
 libgcc.a(*)

.ARM.attributes
                0x0000000000000000       0x30
 *(.ARM.attributes)
 .ARM.attributes
                0x0000000000000000       0x1e C:/ST/STM32CubeIDE_1.10.1/STM32CubeIDE/plugins/com.st.stm32cube.ide.mcu.externaltools.gnu-tools-for-stm32.11.3.rel1.win32_1.1.1.202309131626/tools/bin/../lib/gcc/arm-none-eabi/11.3.1/thumb/v7e-m+fp/hard/crti.o
 .ARM.attributes
                0x000000000000001e       0x34 C:/ST/STM32CubeIDE_1.10.1/STM32CubeIDE/plugins/com.st.stm32cube.ide.mcu.externaltools.gnu-tools-for-stm32.11.3.rel1.win32_1.1.1.202309131626/tools/bin/../lib/gcc/arm-none-eabi/11.3.1/thumb/v7e-m+fp/hard/crtbegin.o
 .ARM.attributes
                0x0000000000000052       0x34 ./Drivers/STM32G4xx_HAL_Driver/stm32g4xx_hal.o
 .ARM.attributes
                0x0000000000000086       0x34 ./Drivers/STM32G4xx_HAL_Driver/stm32g4xx_hal_cortex.o
 .ARM.attributes
                0x00000000000000ba       0x34 ./Drivers/STM32G4xx_HAL_Driver/stm32g4xx_hal_dma.o
 .ARM.attributes
                0x00000000000000ee       0x34 ./Drivers/STM32G4xx_HAL_Driver/stm32g4xx_hal_gpio.o
 .ARM.attributes
                0x0000000000000122       0x34 ./Drivers/STM32G4xx_HAL_Driver/stm32g4xx_hal_lptim.o
 .ARM.attributes
                0x0000000000000156       0x34 ./Drivers/STM32G4xx_HAL_Driver/stm32g4xx_hal_pwr_ex.o
 .ARM.attributes
                0x000000000000018a       0x34 ./Drivers/STM32G4xx_HAL_Driver/stm32g4xx_hal_rcc.o
 .ARM.attributes
                0x00000000000001be       0x34 ./Drivers/STM32G4xx_HAL_Driver/stm32g4xx_hal_rcc_ex.o
 .ARM.attributes
                0x00000000000001f2       0x34 ./Drivers/STM32G4xx_HAL_Driver/stm32g4xx_hal_tim.o
 .ARM.attributes
                0x0000000000000226       0x34 ./Drivers/STM32G4xx_HAL_Driver/stm32g4xx_hal_tim_ex.o
 .ARM.attributes
                0x000000000000025a       0x34 ./Drivers/STM32G4xx_HAL_Driver/stm32g4xx_hal_uart.o
 .ARM.attributes
                0x000000000000028e       0x34 ./Drivers/STM32G4xx_HAL_Driver/stm32g4xx_hal_uart_ex.o
 .ARM.attributes
                0x00000000000002c2       0x34 ./Src/gpio.o
 .ARM.attributes
                0x00000000000002f6       0x34 ./Src/lptim.o
 .ARM.attributes
                0x000000000000032a       0x34 ./Src/main.o
 .ARM.attributes
                0x000000000000035e       0x34 ./Src/stm32g4xx_hal_msp.o
 .ARM.attributes
                0x0000000000000392       0x34 ./Src/stm32g4xx_it.o
 .ARM.attributes
                0x00000000000003c6       0x34 ./Src/system_stm32g4xx.o
 .ARM.attributes
                0x00000000000003fa       0x34 ./Src/tim.o
 .ARM.attributes
                0x000000000000042e       0x34 ./Src/usart.o
 .ARM.attributes
                0x0000000000000462       0x21 ./Startup/startup_stm32g431kbtx.o
 .ARM.attributes
                0x0000000000000483       0x34 C:/ST/STM32CubeIDE_1.10.1/STM32CubeIDE/plugins/com.st.stm32cube.ide.mcu.externaltools.gnu-tools-for-stm32.11.3.rel1.win32_1.1.1.202309131626/tools/bin/../lib/gcc/arm-none-eabi/11.3.1/../../../../arm-none-eabi/lib/thumb/v7e-m+fp/hard\libc_nano.a(libc_a-memset.o)
 .ARM.attributes
                0x00000000000004b7       0x34 C:/ST/STM32CubeIDE_1.10.1/STM32CubeIDE/plugins/com.st.stm32cube.ide.mcu.externaltools.gnu-tools-for-stm32.11.3.rel1.win32_1.1.1.202309131626/tools/bin/../lib/gcc/arm-none-eabi/11.3.1/../../../../arm-none-eabi/lib/thumb/v7e-m+fp/hard\libc_nano.a(libc_a-init.o)
 .ARM.attributes
                0x00000000000004eb       0x1e C:/ST/STM32CubeIDE_1.10.1/STM32CubeIDE/plugins/com.st.stm32cube.ide.mcu.externaltools.gnu-tools-for-stm32.11.3.rel1.win32_1.1.1.202309131626/tools/bin/../lib/gcc/arm-none-eabi/11.3.1/thumb/v7e-m+fp/hard\libgcc.a(_aeabi_uldivmod.o)
 .ARM.attributes
                0x0000000000000509       0x34 C:/ST/STM32CubeIDE_1.10.1/STM32CubeIDE/plugins/com.st.stm32cube.ide.mcu.externaltools.gnu-tools-for-stm32.11.3.rel1.win32_1.1.1.202309131626/tools/bin/../lib/gcc/arm-none-eabi/11.3.1/thumb/v7e-m+fp/hard\libgcc.a(_udivmoddi4.o)
 .ARM.attributes
                0x000000000000053d       0x1e C:/ST/STM32CubeIDE_1.10.1/STM32CubeIDE/plugins/com.st.stm32cube.ide.mcu.externaltools.gnu-tools-for-stm32.11.3.rel1.win32_1.1.1.202309131626/tools/bin/../lib/gcc/arm-none-eabi/11.3.1/thumb/v7e-m+fp/hard\libgcc.a(_dvmd_tls.o)
 .ARM.attributes
                0x000000000000055b       0x1e C:/ST/STM32CubeIDE_1.10.1/STM32CubeIDE/plugins/com.st.stm32cube.ide.mcu.externaltools.gnu-tools-for-stm32.11.3.rel1.win32_1.1.1.202309131626/tools/bin/../lib/gcc/arm-none-eabi/11.3.1/thumb/v7e-m+fp/hard/crtn.o
OUTPUT(coincidence_v1.elf elf32-littlearm)
LOAD linker stubs
LOAD C:/ST/STM32CubeIDE_1.10.1/STM32CubeIDE/plugins/com.st.stm32cube.ide.mcu.externaltools.gnu-tools-for-stm32.11.3.rel1.win32_1.1.1.202309131626/tools/bin/../lib/gcc/arm-none-eabi/11.3.1/../../../../arm-none-eabi/lib/thumb/v7e-m+fp/hard\libc.a
LOAD C:/ST/STM32CubeIDE_1.10.1/STM32CubeIDE/plugins/com.st.stm32cube.ide.mcu.externaltools.gnu-tools-for-stm32.11.3.rel1.win32_1.1.1.202309131626/tools/bin/../lib/gcc/arm-none-eabi/11.3.1/../../../../arm-none-eabi/lib/thumb/v7e-m+fp/hard\libm.a
LOAD C:/ST/STM32CubeIDE_1.10.1/STM32CubeIDE/plugins/com.st.stm32cube.ide.mcu.externaltools.gnu-tools-for-stm32.11.3.rel1.win32_1.1.1.202309131626/tools/bin/../lib/gcc/arm-none-eabi/11.3.1/thumb/v7e-m+fp/hard\libgcc.a

.comment        0x0000000000000000       0x43
 .comment       0x0000000000000000       0x43 C:/ST/STM32CubeIDE_1.10.1/STM32CubeIDE/plugins/com.st.stm32cube.ide.mcu.externaltools.gnu-tools-for-stm32.11.3.rel1.win32_1.1.1.202309131626/tools/bin/../lib/gcc/arm-none-eabi/11.3.1/thumb/v7e-m+fp/hard/crtbegin.o
                                         0x44 (size before relaxing)
 .comment       0x0000000000000043       0x44 ./Drivers/STM32G4xx_HAL_Driver/stm32g4xx_hal.o
 .comment       0x0000000000000043       0x44 ./Drivers/STM32G4xx_HAL_Driver/stm32g4xx_hal_cortex.o
 .comment       0x0000000000000043       0x44 ./Drivers/STM32G4xx_HAL_Driver/stm32g4xx_hal_dma.o
 .comment       0x0000000000000043       0x44 ./Drivers/STM32G4xx_HAL_Driver/stm32g4xx_hal_gpio.o
 .comment       0x0000000000000043       0x44 ./Drivers/STM32G4xx_HAL_Driver/stm32g4xx_hal_lptim.o
 .comment       0x0000000000000043       0x44 ./Drivers/STM32G4xx_HAL_Driver/stm32g4xx_hal_pwr_ex.o
 .comment       0x0000000000000043       0x44 ./Drivers/STM32G4xx_HAL_Driver/stm32g4xx_hal_rcc.o
 .comment       0x0000000000000043       0x44 ./Drivers/STM32G4xx_HAL_Driver/stm32g4xx_hal_rcc_ex.o
 .comment       0x0000000000000043       0x44 ./Drivers/STM32G4xx_HAL_Driver/stm32g4xx_hal_tim.o
 .comment       0x0000000000000043       0x44 ./Drivers/STM32G4xx_HAL_Driver/stm32g4xx_hal_tim_ex.o
 .comment       0x0000000000000043       0x44 ./Drivers/STM32G4xx_HAL_Driver/stm32g4xx_hal_uart.o
 .comment       0x0000000000000043       0x44 ./Drivers/STM32G4xx_HAL_Driver/stm32g4xx_hal_uart_ex.o
 .comment       0x0000000000000043       0x44 ./Src/gpio.o
 .comment       0x0000000000000043       0x44 ./Src/lptim.o
 .comment       0x0000000000000043       0x44 ./Src/main.o
 .comment       0x0000000000000043       0x44 ./Src/stm32g4xx_hal_msp.o
 .comment       0x0000000000000043       0x44 ./Src/stm32g4xx_it.o
 .comment       0x0000000000000043       0x44 ./Src/system_stm32g4xx.o
 .comment       0x0000000000000043       0x44 ./Src/tim.o
 .comment       0x0000000000000043       0x44 ./Src/usart.o

.debug_info     0x0000000000000000    0x13feb
 .debug_info    0x0000000000000000      0xadb ./Drivers/STM32G4xx_HAL_Driver/stm32g4xx_hal.o
 .debug_info    0x0000000000000adb      0xcf3 ./Drivers/STM32G4xx_HAL_Driver/stm32g4xx_hal_cortex.o
 .debug_info    0x00000000000017ce      0x85f ./Drivers/STM32G4xx_HAL_Driver/stm32g4xx_hal_dma.o
 .debug_info    0x000000000000202d      0x763 ./Drivers/STM32G4xx_HAL_Driver/stm32g4xx_hal_gpio.o
 .debug_info    0x0000000000002790      0xeed ./Drivers/STM32G4xx_HAL_Driver/stm32g4xx_hal_lptim.o
 .debug_info    0x000000000000367d      0x93f ./Drivers/STM32G4xx_HAL_Driver/stm32g4xx_hal_pwr_ex.o
 .debug_info    0x0000000000003fbc      0xb82 ./Drivers/STM32G4xx_HAL_Driver/stm32g4xx_hal_rcc.o
 .debug_info    0x0000000000004b3e      0xc15 ./Drivers/STM32G4xx_HAL_Driver/stm32g4xx_hal_rcc_ex.o
 .debug_info    0x0000000000005753     0x2c52 ./Drivers/STM32G4xx_HAL_Driver/stm32g4xx_hal_tim.o
 .debug_info    0x00000000000083a5     0x1d95 ./Drivers/STM32G4xx_HAL_Driver/stm32g4xx_hal_tim_ex.o
 .debug_info    0x000000000000a13a     0x481e ./Drivers/STM32G4xx_HAL_Driver/stm32g4xx_hal_uart.o
 .debug_info    0x000000000000e958      0xfdd ./Drivers/STM32G4xx_HAL_Driver/stm32g4xx_hal_uart_ex.o
 .debug_info    0x000000000000f935      0x66c ./Src/gpio.o
 .debug_info    0x000000000000ffa1      0x905 ./Src/lptim.o
 .debug_info    0x00000000000108a6      0x2cf ./Src/main.o
 .debug_info    0x0000000000010b75      0x2da ./Src/stm32g4xx_hal_msp.o
 .debug_info    0x0000000000010e4f      0xf3e ./Src/stm32g4xx_it.o
 .debug_info    0x0000000000011d8d      0x58e ./Src/system_stm32g4xx.o
 .debug_info    0x000000000001231b      0xd01 ./Src/tim.o
 .debug_info    0x000000000001301c      0xfac ./Src/usart.o
 .debug_info    0x0000000000013fc8       0x23 ./Startup/startup_stm32g431kbtx.o

.debug_abbrev   0x0000000000000000     0x2ab6
 .debug_abbrev  0x0000000000000000      0x271 ./Drivers/STM32G4xx_HAL_Driver/stm32g4xx_hal.o
 .debug_abbrev  0x0000000000000271      0x31c ./Drivers/STM32G4xx_HAL_Driver/stm32g4xx_hal_cortex.o
 .debug_abbrev  0x000000000000058d      0x1e2 ./Drivers/STM32G4xx_HAL_Driver/stm32g4xx_hal_dma.o
 .debug_abbrev  0x000000000000076f      0x1cb ./Drivers/STM32G4xx_HAL_Driver/stm32g4xx_hal_gpio.o
 .debug_abbrev  0x000000000000093a      0x269 ./Drivers/STM32G4xx_HAL_Driver/stm32g4xx_hal_lptim.o
 .debug_abbrev  0x0000000000000ba3      0x22c ./Drivers/STM32G4xx_HAL_Driver/stm32g4xx_hal_pwr_ex.o
 .debug_abbrev  0x0000000000000dcf      0x2c9 ./Drivers/STM32G4xx_HAL_Driver/stm32g4xx_hal_rcc.o
 .debug_abbrev  0x0000000000001098      0x258 ./Drivers/STM32G4xx_HAL_Driver/stm32g4xx_hal_rcc_ex.o
 .debug_abbrev  0x00000000000012f0      0x2a7 ./Drivers/STM32G4xx_HAL_Driver/stm32g4xx_hal_tim.o
 .debug_abbrev  0x0000000000001597      0x2c5 ./Drivers/STM32G4xx_HAL_Driver/stm32g4xx_hal_tim_ex.o
 .debug_abbrev  0x000000000000185c      0x304 ./Drivers/STM32G4xx_HAL_Driver/stm32g4xx_hal_uart.o
 .debug_abbrev  0x0000000000001b60      0x2d2 ./Drivers/STM32G4xx_HAL_Driver/stm32g4xx_hal_uart_ex.o
 .debug_abbrev  0x0000000000001e32      0x15b ./Src/gpio.o
 .debug_abbrev  0x0000000000001f8d      0x1aa ./Src/lptim.o
 .debug_abbrev  0x0000000000002137      0x164 ./Src/main.o
 .debug_abbrev  0x000000000000229b       0xd9 ./Src/stm32g4xx_hal_msp.o
 .debug_abbrev  0x0000000000002374      0x1e5 ./Src/stm32g4xx_it.o
 .debug_abbrev  0x0000000000002559      0x11a ./Src/system_stm32g4xx.o
 .debug_abbrev  0x0000000000002673      0x21e ./Src/tim.o
 .debug_abbrev  0x0000000000002891      0x213 ./Src/usart.o
 .debug_abbrev  0x0000000000002aa4       0x12 ./Startup/startup_stm32g431kbtx.o

.debug_aranges  0x0000000000000000     0x1228
 .debug_aranges
                0x0000000000000000      0x148 ./Drivers/STM32G4xx_HAL_Driver/stm32g4xx_hal.o
 .debug_aranges
                0x0000000000000148      0x118 ./Drivers/STM32G4xx_HAL_Driver/stm32g4xx_hal_cortex.o
 .debug_aranges
                0x0000000000000260       0x90 ./Drivers/STM32G4xx_HAL_Driver/stm32g4xx_hal_dma.o
 .debug_aranges
                0x00000000000002f0       0x58 ./Drivers/STM32G4xx_HAL_Driver/stm32g4xx_hal_gpio.o
 .debug_aranges
                0x0000000000000348      0x168 ./Drivers/STM32G4xx_HAL_Driver/stm32g4xx_hal_lptim.o
 .debug_aranges
                0x00000000000004b0      0x140 ./Drivers/STM32G4xx_HAL_Driver/stm32g4xx_hal_pwr_ex.o
 .debug_aranges
                0x00000000000005f0       0x98 ./Drivers/STM32G4xx_HAL_Driver/stm32g4xx_hal_rcc.o
 .debug_aranges
                0x0000000000000688       0xb0 ./Drivers/STM32G4xx_HAL_Driver/stm32g4xx_hal_rcc_ex.o
 .debug_aranges
                0x0000000000000738      0x3e0 ./Drivers/STM32G4xx_HAL_Driver/stm32g4xx_hal_tim.o
 .debug_aranges
                0x0000000000000b18      0x240 ./Drivers/STM32G4xx_HAL_Driver/stm32g4xx_hal_tim_ex.o
 .debug_aranges
                0x0000000000000d58      0x248 ./Drivers/STM32G4xx_HAL_Driver/stm32g4xx_hal_uart.o
 .debug_aranges
                0x0000000000000fa0       0xa8 ./Drivers/STM32G4xx_HAL_Driver/stm32g4xx_hal_uart_ex.o
 .debug_aranges
                0x0000000000001048       0x20 ./Src/gpio.o
 .debug_aranges
                0x0000000000001068       0x30 ./Src/lptim.o
 .debug_aranges
                0x0000000000001098       0x30 ./Src/main.o
 .debug_aranges
                0x00000000000010c8       0x20 ./Src/stm32g4xx_hal_msp.o
 .debug_aranges
                0x00000000000010e8       0x90 ./Src/stm32g4xx_it.o
 .debug_aranges
                0x0000000000001178       0x28 ./Src/system_stm32g4xx.o
 .debug_aranges
                0x00000000000011a0       0x30 ./Src/tim.o
 .debug_aranges
                0x00000000000011d0       0x30 ./Src/usart.o
 .debug_aranges
                0x0000000000001200       0x28 ./Startup/startup_stm32g431kbtx.o

.debug_rnglists
                0x0000000000000000      0xe23
 .debug_rnglists
                0x0000000000000000       0xf1 ./Drivers/STM32G4xx_HAL_Driver/stm32g4xx_hal.o
 .debug_rnglists
                0x00000000000000f1       0xce ./Drivers/STM32G4xx_HAL_Driver/stm32g4xx_hal_cortex.o
 .debug_rnglists
                0x00000000000001bf       0x71 ./Drivers/STM32G4xx_HAL_Driver/stm32g4xx_hal_dma.o
 .debug_rnglists
                0x0000000000000230       0x3f ./Drivers/STM32G4xx_HAL_Driver/stm32g4xx_hal_gpio.o
 .debug_rnglists
                0x000000000000026f      0x11b ./Drivers/STM32G4xx_HAL_Driver/stm32g4xx_hal_lptim.o
 .debug_rnglists
                0x000000000000038a       0xf1 ./Drivers/STM32G4xx_HAL_Driver/stm32g4xx_hal_pwr_ex.o
 .debug_rnglists
                0x000000000000047b       0x74 ./Drivers/STM32G4xx_HAL_Driver/stm32g4xx_hal_rcc.o
 .debug_rnglists
                0x00000000000004ef       0x87 ./Drivers/STM32G4xx_HAL_Driver/stm32g4xx_hal_rcc_ex.o
 .debug_rnglists
                0x0000000000000576      0x328 ./Drivers/STM32G4xx_HAL_Driver/stm32g4xx_hal_tim.o
 .debug_rnglists
                0x000000000000089e      0x1cc ./Drivers/STM32G4xx_HAL_Driver/stm32g4xx_hal_tim_ex.o
 .debug_rnglists
                0x0000000000000a6a      0x1fa ./Drivers/STM32G4xx_HAL_Driver/stm32g4xx_hal_uart.o
 .debug_rnglists
                0x0000000000000c64       0x7f ./Drivers/STM32G4xx_HAL_Driver/stm32g4xx_hal_uart_ex.o
 .debug_rnglists
                0x0000000000000ce3       0x14 ./Src/gpio.o
 .debug_rnglists
                0x0000000000000cf7       0x1f ./Src/lptim.o
 .debug_rnglists
                0x0000000000000d16       0x20 ./Src/main.o
 .debug_rnglists
                0x0000000000000d36       0x13 ./Src/stm32g4xx_hal_msp.o
 .debug_rnglists
                0x0000000000000d49       0x67 ./Src/stm32g4xx_it.o
 .debug_rnglists
                0x0000000000000db0       0x1a ./Src/system_stm32g4xx.o
 .debug_rnglists
                0x0000000000000dca       0x1f ./Src/tim.o
 .debug_rnglists
                0x0000000000000de9       0x21 ./Src/usart.o
 .debug_rnglists
                0x0000000000000e0a       0x19 ./Startup/startup_stm32g431kbtx.o

.debug_macro    0x0000000000000000    0x1e433
 .debug_macro   0x0000000000000000      0x226 ./Drivers/STM32G4xx_HAL_Driver/stm32g4xx_hal.o
 .debug_macro   0x0000000000000226      0xaa8 ./Drivers/STM32G4xx_HAL_Driver/stm32g4xx_hal.o
 .debug_macro   0x0000000000000cce      0x161 ./Drivers/STM32G4xx_HAL_Driver/stm32g4xx_hal.o
 .debug_macro   0x0000000000000e2f       0x2e ./Drivers/STM32G4xx_HAL_Driver/stm32g4xx_hal.o
 .debug_macro   0x0000000000000e5d       0x28 ./Drivers/STM32G4xx_HAL_Driver/stm32g4xx_hal.o
 .debug_macro   0x0000000000000e85       0x22 ./Drivers/STM32G4xx_HAL_Driver/stm32g4xx_hal.o
 .debug_macro   0x0000000000000ea7       0x8e ./Drivers/STM32G4xx_HAL_Driver/stm32g4xx_hal.o
 .debug_macro   0x0000000000000f35       0x51 ./Drivers/STM32G4xx_HAL_Driver/stm32g4xx_hal.o
 .debug_macro   0x0000000000000f86      0x103 ./Drivers/STM32G4xx_HAL_Driver/stm32g4xx_hal.o
 .debug_macro   0x0000000000001089       0x6a ./Drivers/STM32G4xx_HAL_Driver/stm32g4xx_hal.o
 .debug_macro   0x00000000000010f3      0x1df ./Drivers/STM32G4xx_HAL_Driver/stm32g4xx_hal.o
 .debug_macro   0x00000000000012d2       0x1c ./Drivers/STM32G4xx_HAL_Driver/stm32g4xx_hal.o
 .debug_macro   0x00000000000012ee       0x22 ./Drivers/STM32G4xx_HAL_Driver/stm32g4xx_hal.o
 .debug_macro   0x0000000000001310       0xfb ./Drivers/STM32G4xx_HAL_Driver/stm32g4xx_hal.o
 .debug_macro   0x000000000000140b     0x1011 ./Drivers/STM32G4xx_HAL_Driver/stm32g4xx_hal.o
 .debug_macro   0x000000000000241c      0x11f ./Drivers/STM32G4xx_HAL_Driver/stm32g4xx_hal.o
 .debug_macro   0x000000000000253b    0x11350 ./Drivers/STM32G4xx_HAL_Driver/stm32g4xx_hal.o
 .debug_macro   0x000000000001388b       0x6d ./Drivers/STM32G4xx_HAL_Driver/stm32g4xx_hal.o
 .debug_macro   0x00000000000138f8     0x354d ./Drivers/STM32G4xx_HAL_Driver/stm32g4xx_hal.o
 .debug_macro   0x0000000000016e45      0x174 ./Drivers/STM32G4xx_HAL_Driver/stm32g4xx_hal.o
 .debug_macro   0x0000000000016fb9       0x5c ./Drivers/STM32G4xx_HAL_Driver/stm32g4xx_hal.o
 .debug_macro   0x0000000000017015     0x141d ./Drivers/STM32G4xx_HAL_Driver/stm32g4xx_hal.o
 .debug_macro   0x0000000000018432      0x535 ./Drivers/STM32G4xx_HAL_Driver/stm32g4xx_hal.o
 .debug_macro   0x0000000000018967      0x1b6 ./Drivers/STM32G4xx_HAL_Driver/stm32g4xx_hal.o
 .debug_macro   0x0000000000018b1d      0x288 ./Drivers/STM32G4xx_HAL_Driver/stm32g4xx_hal.o
 .debug_macro   0x0000000000018da5      0x41d ./Drivers/STM32G4xx_HAL_Driver/stm32g4xx_hal.o
 .debug_macro   0x00000000000191c2      0x18b ./Drivers/STM32G4xx_HAL_Driver/stm32g4xx_hal.o
 .debug_macro   0x000000000001934d       0x43 ./Drivers/STM32G4xx_HAL_Driver/stm32g4xx_hal.o
 .debug_macro   0x0000000000019390      0x23d ./Drivers/STM32G4xx_HAL_Driver/stm32g4xx_hal.o
 .debug_macro   0x00000000000195cd      0x211 ./Drivers/STM32G4xx_HAL_Driver/stm32g4xx_hal.o
 .debug_macro   0x00000000000197de      0x401 ./Drivers/STM32G4xx_HAL_Driver/stm32g4xx_hal.o
 .debug_macro   0x0000000000019bdf      0x107 ./Drivers/STM32G4xx_HAL_Driver/stm32g4xx_hal.o
 .debug_macro   0x0000000000019ce6      0x2be ./Drivers/STM32G4xx_HAL_Driver/stm32g4xx_hal.o
 .debug_macro   0x0000000000019fa4      0x122 ./Drivers/STM32G4xx_HAL_Driver/stm32g4xx_hal.o
 .debug_macro   0x000000000001a0c6      0x3d1 ./Drivers/STM32G4xx_HAL_Driver/stm32g4xx_hal.o
 .debug_macro   0x000000000001a497      0xbda ./Drivers/STM32G4xx_HAL_Driver/stm32g4xx_hal.o
 .debug_macro   0x000000000001b071      0x47e ./Drivers/STM32G4xx_HAL_Driver/stm32g4xx_hal.o
 .debug_macro   0x000000000001b4ef      0x693 ./Drivers/STM32G4xx_HAL_Driver/stm32g4xx_hal.o
 .debug_macro   0x000000000001bb82       0xa6 ./Drivers/STM32G4xx_HAL_Driver/stm32g4xx_hal.o
 .debug_macro   0x000000000001bc28      0x306 ./Drivers/STM32G4xx_HAL_Driver/stm32g4xx_hal.o
 .debug_macro   0x000000000001bf2e      0x1d8 ./Drivers/STM32G4xx_HAL_Driver/stm32g4xx_hal_cortex.o
 .debug_macro   0x000000000001c106      0x1d8 ./Drivers/STM32G4xx_HAL_Driver/stm32g4xx_hal_dma.o
 .debug_macro   0x000000000001c2de      0x1df ./Drivers/STM32G4xx_HAL_Driver/stm32g4xx_hal_gpio.o
 .debug_macro   0x000000000001c4bd      0x1e0 ./Drivers/STM32G4xx_HAL_Driver/stm32g4xx_hal_lptim.o
 .debug_macro   0x000000000001c69d      0x202 ./Drivers/STM32G4xx_HAL_Driver/stm32g4xx_hal_pwr_ex.o
 .debug_macro   0x000000000001c89f      0x21a ./Drivers/STM32G4xx_HAL_Driver/stm32g4xx_hal_rcc.o
 .debug_macro   0x000000000001cab9      0x202 ./Drivers/STM32G4xx_HAL_Driver/stm32g4xx_hal_rcc_ex.o
 .debug_macro   0x000000000001ccbb      0x1e0 ./Drivers/STM32G4xx_HAL_Driver/stm32g4xx_hal_tim.o
 .debug_macro   0x000000000001ce9b      0x1de ./Drivers/STM32G4xx_HAL_Driver/stm32g4xx_hal_tim_ex.o
 .debug_macro   0x000000000001d079      0x203 ./Drivers/STM32G4xx_HAL_Driver/stm32g4xx_hal_uart.o
 .debug_macro   0x000000000001d27c      0x1e4 ./Drivers/STM32G4xx_HAL_Driver/stm32g4xx_hal_uart_ex.o
 .debug_macro   0x000000000001d460      0x1f1 ./Src/gpio.o
 .debug_macro   0x000000000001d651       0x4c ./Src/gpio.o
 .debug_macro   0x000000000001d69d      0x1f1 ./Src/lptim.o
 .debug_macro   0x000000000001d88e      0x213 ./Src/main.o
 .debug_macro   0x000000000001daa1      0x1e7 ./Src/stm32g4xx_hal_msp.o
 .debug_macro   0x000000000001dc88      0x1f1 ./Src/stm32g4xx_it.o
 .debug_macro   0x000000000001de79      0x1d8 ./Src/system_stm32g4xx.o
 .debug_macro   0x000000000001e051      0x1f1 ./Src/tim.o
 .debug_macro   0x000000000001e242      0x1f1 ./Src/usart.o

.debug_line     0x0000000000000000    0x16fa3
 .debug_line    0x0000000000000000      0xcb6 ./Drivers/STM32G4xx_HAL_Driver/stm32g4xx_hal.o
 .debug_line    0x0000000000000cb6      0xe21 ./Drivers/STM32G4xx_HAL_Driver/stm32g4xx_hal_cortex.o
 .debug_line    0x0000000000001ad7      0xfda ./Drivers/STM32G4xx_HAL_Driver/stm32g4xx_hal_dma.o
 .debug_line    0x0000000000002ab1      0xcb1 ./Drivers/STM32G4xx_HAL_Driver/stm32g4xx_hal_gpio.o
 .debug_line    0x0000000000003762     0x12ba ./Drivers/STM32G4xx_HAL_Driver/stm32g4xx_hal_lptim.o
 .debug_line    0x0000000000004a1c      0xe25 ./Drivers/STM32G4xx_HAL_Driver/stm32g4xx_hal_pwr_ex.o
 .debug_line    0x0000000000005841     0x107e ./Drivers/STM32G4xx_HAL_Driver/stm32g4xx_hal_rcc.o
 .debug_line    0x00000000000068bf     0x1247 ./Drivers/STM32G4xx_HAL_Driver/stm32g4xx_hal_rcc_ex.o
 .debug_line    0x0000000000007b06     0x4020 ./Drivers/STM32G4xx_HAL_Driver/stm32g4xx_hal_tim.o
 .debug_line    0x000000000000bb26     0x21f6 ./Drivers/STM32G4xx_HAL_Driver/stm32g4xx_hal_tim_ex.o
 .debug_line    0x000000000000dd1c     0x3cda ./Drivers/STM32G4xx_HAL_Driver/stm32g4xx_hal_uart.o
 .debug_line    0x00000000000119f6      0xed9 ./Drivers/STM32G4xx_HAL_Driver/stm32g4xx_hal_uart_ex.o
 .debug_line    0x00000000000128cf      0x86e ./Src/gpio.o
 .debug_line    0x000000000001313d      0x8b9 ./Src/lptim.o
 .debug_line    0x00000000000139f6      0x8ed ./Src/main.o
 .debug_line    0x00000000000142e3      0x852 ./Src/stm32g4xx_hal_msp.o
 .debug_line    0x0000000000014b35      0x9a8 ./Src/stm32g4xx_it.o
 .debug_line    0x00000000000154dd      0x8ba ./Src/system_stm32g4xx.o
 .debug_line    0x0000000000015d97      0x89f ./Src/tim.o
 .debug_line    0x0000000000016636      0x8f2 ./Src/usart.o
 .debug_line    0x0000000000016f28       0x7b ./Startup/startup_stm32g431kbtx.o

.debug_str      0x0000000000000000    0xc4a41
 .debug_str     0x0000000000000000    0xbf74b ./Drivers/STM32G4xx_HAL_Driver/stm32g4xx_hal.o
                                      0xbfb51 (size before relaxing)
 .debug_str     0x00000000000bf74b      0x3da ./Drivers/STM32G4xx_HAL_Driver/stm32g4xx_hal_cortex.o
                                      0xbf7d5 (size before relaxing)
 .debug_str     0x00000000000bfb25      0x5ab ./Drivers/STM32G4xx_HAL_Driver/stm32g4xx_hal_dma.o
                                      0xbf3ec (size before relaxing)
 .debug_str     0x00000000000c00d0      0x21f ./Drivers/STM32G4xx_HAL_Driver/stm32g4xx_hal_gpio.o
                                      0xbf19d (size before relaxing)
 .debug_str     0x00000000000c02ef      0x65c ./Drivers/STM32G4xx_HAL_Driver/stm32g4xx_hal_lptim.o
                                      0xbf67d (size before relaxing)
 .debug_str     0x00000000000c094b      0x51e ./Drivers/STM32G4xx_HAL_Driver/stm32g4xx_hal_pwr_ex.o
                                      0xbf500 (size before relaxing)
 .debug_str     0x00000000000c0e69      0x684 ./Drivers/STM32G4xx_HAL_Driver/stm32g4xx_hal_rcc.o
                                      0xbf70b (size before relaxing)
 .debug_str     0x00000000000c14ed      0x5e3 ./Drivers/STM32G4xx_HAL_Driver/stm32g4xx_hal_rcc_ex.o
                                      0xbf70c (size before relaxing)
 .debug_str     0x00000000000c1ad0     0x1268 ./Drivers/STM32G4xx_HAL_Driver/stm32g4xx_hal_tim.o
                                      0xc0510 (size before relaxing)
 .debug_str     0x00000000000c2d38      0x9cd ./Drivers/STM32G4xx_HAL_Driver/stm32g4xx_hal_tim_ex.o
                                      0xc0184 (size before relaxing)
 .debug_str     0x00000000000c3705      0xc4e ./Drivers/STM32G4xx_HAL_Driver/stm32g4xx_hal_uart.o
                                      0xbffcd (size before relaxing)
 .debug_str     0x00000000000c4353      0x2f3 ./Drivers/STM32G4xx_HAL_Driver/stm32g4xx_hal_uart_ex.o
                                      0xbf7cb (size before relaxing)
 .debug_str     0x00000000000c4646      0x149 ./Src/gpio.o
                                      0xbf58f (size before relaxing)
 .debug_str     0x00000000000c478f       0x4d ./Src/lptim.o
                                      0xbf8e0 (size before relaxing)
 .debug_str     0x00000000000c47dc       0x6e ./Src/main.o
                                      0xbf113 (size before relaxing)
 .debug_str     0x00000000000c484a       0x1b ./Src/stm32g4xx_hal_msp.o
                                      0xbf05e (size before relaxing)
 .debug_str     0x00000000000c4865      0x13c ./Src/stm32g4xx_it.o
                                      0xbfad8 (size before relaxing)
 .debug_str     0x00000000000c49a1       0x3b ./Src/system_stm32g4xx.o
                                      0xbefd5 (size before relaxing)
 .debug_str     0x00000000000c49dc       0x1c ./Src/tim.o
                                      0xbfb75 (size before relaxing)
 .debug_str     0x00000000000c49f8       0x1a ./Src/usart.o
                                      0xbfd43 (size before relaxing)
 .debug_str     0x00000000000c4a12       0x2f ./Startup/startup_stm32g431kbtx.o
                                         0x9e (size before relaxing)

.debug_frame    0x0000000000000000     0x4bf8
 .debug_frame   0x0000000000000000      0x500 ./Drivers/STM32G4xx_HAL_Driver/stm32g4xx_hal.o
 .debug_frame   0x0000000000000500      0x498 ./Drivers/STM32G4xx_HAL_Driver/stm32g4xx_hal_cortex.o
 .debug_frame   0x0000000000000998      0x24c ./Drivers/STM32G4xx_HAL_Driver/stm32g4xx_hal_dma.o
 .debug_frame   0x0000000000000be4      0x14c ./Drivers/STM32G4xx_HAL_Driver/stm32g4xx_hal_gpio.o
 .debug_frame   0x0000000000000d30      0x630 ./Drivers/STM32G4xx_HAL_Driver/stm32g4xx_hal_lptim.o
 .debug_frame   0x0000000000001360      0x4fc ./Drivers/STM32G4xx_HAL_Driver/stm32g4xx_hal_pwr_ex.o
 .debug_frame   0x000000000000185c      0x23c ./Drivers/STM32G4xx_HAL_Driver/stm32g4xx_hal_rcc.o
 .debug_frame   0x0000000000001a98      0x2ac ./Drivers/STM32G4xx_HAL_Driver/stm32g4xx_hal_rcc_ex.o
 .debug_frame   0x0000000000001d44     0x121c ./Drivers/STM32G4xx_HAL_Driver/stm32g4xx_hal_tim.o
 .debug_frame   0x0000000000002f60      0xa68 ./Drivers/STM32G4xx_HAL_Driver/stm32g4xx_hal_tim_ex.o
 .debug_frame   0x00000000000039c8      0xa94 ./Drivers/STM32G4xx_HAL_Driver/stm32g4xx_hal_uart.o
 .debug_frame   0x000000000000445c      0x2c0 ./Drivers/STM32G4xx_HAL_Driver/stm32g4xx_hal_uart_ex.o
 .debug_frame   0x000000000000471c       0x34 ./Src/gpio.o
 .debug_frame   0x0000000000004750       0x74 ./Src/lptim.o
 .debug_frame   0x00000000000047c4       0x68 ./Src/main.o
 .debug_frame   0x000000000000482c       0x34 ./Src/stm32g4xx_hal_msp.o
 .debug_frame   0x0000000000004860      0x1ac ./Src/stm32g4xx_it.o
 .debug_frame   0x0000000000004a0c       0x58 ./Src/system_stm32g4xx.o
 .debug_frame   0x0000000000004a64       0x74 ./Src/tim.o
 .debug_frame   0x0000000000004ad8       0x74 ./Src/usart.o
 .debug_frame   0x0000000000004b4c       0x20 C:/ST/STM32CubeIDE_1.10.1/STM32CubeIDE/plugins/com.st.stm32cube.ide.mcu.externaltools.gnu-tools-for-stm32.11.3.rel1.win32_1.1.1.202309131626/tools/bin/../lib/gcc/arm-none-eabi/11.3.1/../../../../arm-none-eabi/lib/thumb/v7e-m+fp/hard\libc_nano.a(libc_a-memset.o)
 .debug_frame   0x0000000000004b6c       0x2c C:/ST/STM32CubeIDE_1.10.1/STM32CubeIDE/plugins/com.st.stm32cube.ide.mcu.externaltools.gnu-tools-for-stm32.11.3.rel1.win32_1.1.1.202309131626/tools/bin/../lib/gcc/arm-none-eabi/11.3.1/../../../../arm-none-eabi/lib/thumb/v7e-m+fp/hard\libc_nano.a(libc_a-init.o)
 .debug_frame   0x0000000000004b98       0x2c C:/ST/STM32CubeIDE_1.10.1/STM32CubeIDE/plugins/com.st.stm32cube.ide.mcu.externaltools.gnu-tools-for-stm32.11.3.rel1.win32_1.1.1.202309131626/tools/bin/../lib/gcc/arm-none-eabi/11.3.1/thumb/v7e-m+fp/hard\libgcc.a(_aeabi_uldivmod.o)
 .debug_frame   0x0000000000004bc4       0x34 C:/ST/STM32CubeIDE_1.10.1/STM32CubeIDE/plugins/com.st.stm32cube.ide.mcu.externaltools.gnu-tools-for-stm32.11.3.rel1.win32_1.1.1.202309131626/tools/bin/../lib/gcc/arm-none-eabi/11.3.1/thumb/v7e-m+fp/hard\libgcc.a(_udivmoddi4.o)

.debug_line_str
                0x0000000000000000       0x92
 .debug_line_str
                0x0000000000000000       0x92 ./Startup/startup_stm32g431kbtx.o
                                         0xaa (size before relaxing)
